
Generating 346 images from non-i2i-prompts.json -> /home/anthony/code/las_flores_city/scripts/asset-pipeline/output/images

[BATCH] Processing batch 0/4 (87 entries)

[PROVIDERS] primary=nim chain=nim -> akool -> pollinations (Pollinations only on failure)

[SKIP] adeyemi_ogunbiyi__default.png
    nim: prompt trimmed to 794/800 chars (negative shortened)
[OK] aisha_al_sayed__default.png (nim)
[OK] alberto_ramirez__default.png (nim)
    nim: prompt trimmed to 789/800 chars (negative dropped)
[OK] alberto_santiago__default.png (nim)
[OK] alejandro_d_az__default.png (nim)
[OK] alejandro_flores__default.png (nim)
    nim: prompt trimmed to 794/800 chars (negative shortened)
[OK] alejandro_garcia__default.png (nim)
    nim: prompt trimmed to 792/800 chars (negative shortened)
[OK] alejandro_ruiz__default.png (nim)
    nim: prompt trimmed to 795/800 chars (negative shortened)
[OK] alex_garcia__default.png (nim)
[OK] alexander_van_der_meer__default.png (nim)
    nim: prompt trimmed to 796/800 chars (negative shortened)
[OK] alexander_van_der_meer_jr__default.png (nim)
  Alexandra Isabel Morales: nim failed (NIM content filtered (guardrails))
[OK] alexandra_isabel_morales__default.png (akool)
  Alfonso Vega: nim failed (NIM content filtered (guardrails))
[OK] alfonso_vega__default.png (akool)
[OK] alicia_quevedo__default.png (nim)
    nim: prompt trimmed to 799/800 chars (negative shortened)
[OK] alisha_morales__default.png (nim)
[OK] alonzo_morales__default.png (nim)
[OK] amara_vargas__default.png (nim)
[OK] amina_patel__default.png (nim)
    nim: prompt trimmed to 792/800 chars (negative shortened)
  Sofia Castillo: nim failed (NIM content filtered (guardrails))
[OK] sofia_castillo__default.png (akool)
[OK] ana_kim__default.png (nim)
  Ana Ramirez: nim failed (NIM content filtered (guardrails))
[OK] ana_ramirez__default.png (akool)
    nim: prompt trimmed to 792/800 chars (negative dropped)
[OK] ana_silva__default.png (nim)
    nim: prompt trimmed to 794/800 chars (negative shortened)
[OK] ana_villanueva__default.png (nim)
[OK] anna_van_der_meer__default.png (nim)
[OK] annabella_van_der_meer__default.png (nim)
[OK] anneliese_jansen__default.png (nim)
    nim: prompt trimmed to 795/800 chars (negative shortened)
  ARIA: nim failed (NIM content filtered (guardrails))
[OK] aria__default.png (akool)
[OK] camila_reyes__default.png (nim)
    nim: prompt trimmed to 792/800 chars (negative shortened)
  Camila Santander: nim failed (NIM content filtered (guardrails))
[OK] camila_santander__default.png (akool)
[OK] camilo_orozco__default.png (nim)
[OK] carlos_alberto_hernandez__default.png (nim)
[OK] carlos_hernandez__default.png (nim)
[SKIP] carlos_hernandez__default.png
  Carlos Konibo: nim failed (NIM content filtered (guardrails))
[OK] carlos_konibo__default.png (akool)
[OK] carlos_lacan__default.png (nim)
    nim: prompt trimmed to 794/800 chars (negative shortened)
  Carlos Lopez: nim failed (NIM content filtered (guardrails))
[OK] carlos_lopez__default.png (akool)
    nim: prompt trimmed to 797/800 chars (negative shortened)
[OK] carlos_medina__default.png (nim)
    nim: prompt trimmed to 793/800 chars (negative shortened)
[OK] carlos_mendoza__default.png (nim)
    nim: prompt trimmed to 797/800 chars (negative shortened)
[OK] carlos_rodriguez__default.png (nim)
[OK] carolina_ramirez__default.png (nim)
  Cecilia Perez: nim failed (NIM content filtered (guardrails))
[OK] cecilia_perez__default.png (akool)
    nim: prompt trimmed to 798/800 chars (negative shortened)
[OK] cecilia_rodr_guez__default.png (nim)
[OK] claire_moreau__default.png (nim)
    nim: prompt trimmed to 796/800 chars (negative shortened)
[OK] clara_torres__default.png (nim)
[OK] daiyu_liu__default.png (nim)
    nim: prompt trimmed to 792/800 chars (negative shortened)
[OK] daniel_carter__default.png (nim)
[OK] diego__default.png (nim)
[OK] diego_huam_n__default.png (nim)
    nim: prompt trimmed to 795/800 chars (negative shortened)
[OK] diego_l_pez__default.png (nim)
[OK] diego_reyes__default.png (nim)
[OK] diego_ruiz__default.png (nim)
[OK] diego_sulca__default.png (nim)
[OK] don_pedro__default.png (nim)
[OK] dong_van_der_meer__default.png (nim)
[OK] dragon_head__default.png (nim)
[OK] el_caim_n__default.png (nim)
    nim: prompt trimmed to 799/800 chars (negative shortened)
[OK] elena_ramirez__default.png (nim)
[OK] elena_torres__default.png (nim)
[OK] elisa_p_rez__default.png (nim)
[OK] elisabeth_van_der_meer__default.png (nim)
[OK] emilio_navarro__default.png (nim)
[OK] emilio_reyes__default.png (nim)
[OK] emilio_santos__default.png (nim)
  Ethan Zhang-Morales: nim failed (NIM content filtered (guardrails))
[OK] ethan_zhang_morales__default.png (akool)
  Evelyn Ruthenberg: nim failed (NIM content filtered (guardrails))
[OK] evelyn_ruthenberg__default.png (akool)
[OK] fatima_el_kholi__default.png (nim)
[OK] hongbin_li__default.png (nim)
    nim: prompt trimmed to 795/800 chars (negative shortened)
[OK] ingrid_haugen__default.png (nim)
[OK] isabella_cortez__default.png (nim)
    nim: prompt trimmed to 798/800 chars (negative shortened)
  Isabella Garcia: nim failed (NIM content filtered (guardrails))
[OK] isabella_garcia__default.png (akool)
[OK] isabella_marquez__default.png (nim)
    nim: prompt trimmed to 799/800 chars (negative dropped)
[OK] isabella_rodriguez__default.png (nim)
[OK] isabella__default.png (nim)
    nim: prompt trimmed to 793/800 chars (negative dropped)
[OK] isabella_vargas__default.png (nim)
    nim: prompt trimmed to 784/800 chars (negative dropped)
[OK] isabella_vasquez__default.png (nim)
    nim: prompt trimmed to 788/800 chars (negative dropped)
[OK] isadora_morales__default.png (nim)
[OK] jan_van_der_meer__default.png (nim)
    nim: prompt trimmed to 795/800 chars (negative shortened)
[OK] jan_van_der_meer_jr__default.png (nim)
    nim: prompt trimmed to 793/800 chars (negative shortened)
[OK] jan_van_dijk__default.png (nim)
    nim: prompt trimmed to 800/800 chars (negative dropped)
[OK] javier_mendoza__default.png (nim)
    nim: prompt trimmed to 800/800 chars (negative dropped)
[OK] javier_ramirez__default.png (nim)
    nim: prompt trimmed to 800/800 chars (negative dropped)
[OK] javier_javi_salazar__default.png (nim)
    nim: prompt trimmed to 799/800 chars (negative shortened)
[OK] javier_torres__default.png (nim)
    nim: prompt trimmed to 800/800 chars (negative dropped)
[OK] jianhua__default.png (nim)
    nim: prompt trimmed to 800/800 chars (negative dropped)
[OK] jiao_yang__default.png (nim)
    nim: prompt trimmed to 800/800 chars (negative dropped)
[OK] juan_carlos_p_rez__default.png (nim)
[OK] juan_pablo_hernandez__default.png (nim)

Done. 85 ok, 2 skipped, 0 failed.
