
Generating 346 images from non-i2i-prompts.json -> /home/anthony/code/las_flores_city/scripts/asset-pipeline/output/images

[BATCH] Processing batch 3/4 (85 entries)

[PROVIDERS] primary=akool chain=akool -> nim -> pollinations (Pollinations only on failure)

[OK] aeropuerto_internacional_de_las_flores__default.png (akool)
[OK] camino_verde_neighborhood__default.png (akool)
[OK] sierra_verde_park__default.png (akool)
[OK] southeast_district__default.png (akool)
[OK] quechua__default.png (akool)
[OK] linkpulse__default.png (akool)
[OK] playnetix__default.png (akool)
[OK] sh_nsh_u__default.png (akool)
[OK] vitrina__default.png (akool)
[OK] voxstream__default.png (akool)
[OK] el_grito_estudiantil_thematic_art__default.png (akool)
[OK] el_informador_de_las_flores_thematic_art__default.png (akool)
[OK] la_prensa_thematic_art__default.png (akool)
[OK] the_las_flores_chronicle_thematic_art__default.png (akool)
[OK] social_media_ecosystem_in_las_flores_thematic_art__default.png (akool)
[OK] cjs__default.png (akool)
[OK] cofavic__default.png (akool)
[OK] fundacion_esperanza__default.png (akool)
[OK] greenwatch__default.png (akool)
[OK] musicos_en_accion__default.png (akool)
[OK] aquadragon__default.png (akool)
[OK] autopia_motors__default.png (akool)
[OK] dragon_phoenix_trading__default.png (akool)
[OK] electra_battery_factory__default.png (akool)
[OK] energlobe__default.png (akool)
[OK] great_dragon_energy__default.png (akool)
[OK] jade_dragon_ports__default.png (akool)
[OK] jade_phoenix_technologies__default.png (akool)
[OK] lotus_capital__default.png (akool)
[OK] luz_del_rio__default.png (akool)
[OK] minera_estrella__default.png (akool)
[OK] neptunes_haven__default.png (akool)
[OK] netwave__default.png (akool)
[OK] overview__default.png (akool)
[OK] van_der_meer_mining__default.png (akool)
[OK] zephyr_renewables__default.png (akool)
[OK] flowers_syndicate__default.png (akool)
[OK] agenda_app_icon__default.png (akool)
[OK] ajustes_app_icon__default.png (akool)
[OK] chat_app_icon__default.png (akool)
[OK] las_flores_skyline_phone_wallpaper__default.png (akool)
[OK] mapa_app_icon__default.png (akool)
[OK] mercado_app_icon__default.png (akool)
[OK] misiones_app_icon__default.png (akool)
[OK] noticias_app_icon__default.png (akool)
[OK] radio_app_icon__default.png (akool)
[OK] beach_sand__default.png (akool)
[OK] civic_building_building_civic__default.png (akool)
[OK] cobblestone__default.png (akool)
[OK] desert_sand__default.png (akool)
[OK] farmland__default.png (akool)
[OK] forest_floor__default.png (akool)
[OK] industrial_concrete__default.png (akool)
[OK] mountain_rock__default.png (akool)
[OK] ocean_water_water_ocean__default.png (akool)
[OK] park_grass_grass_park__default.png (akool)
[OK] port_asphalt__default.png (akool)
[OK] residential_building_building_residential__default.png (akool)
[OK] river_water_water_river__default.png (akool)
[OK] runway__default.png (akool)
[OK] sidewalk__default.png (akool)
[OK] street__default.png (akool)
[OK] swamp__default.png (akool)
[OK] the_great_lithium_leak__default.png (akool)
[OK] great_lithium_leak__default.png (akool)
[OK] acuario_las_flores_interior__default.png (akool)
[OK] aeropuerto_internacional_public_terminal__default.png (akool)
[OK] suburban_apartment__default.png (akool)
[OK] old_town_caf__default.png (akool)
[OK] central_plaza__default.png (akool)
[OK] estaci_n_central_metro_platform__default.png (akool)
[OK] far_south_outskirts__default.png (akool)
[OK] industrial_district__default.png (akool)
[OK] la_casa_de_la_m_sica_main_floor__default.png (akool)
[OK] los_andes_heights__default.png (akool)
[OK] northern_district__default.png (akool)
[OK] northeast_quarter__default.png (akool)
[SKIP] pacific_coast__default.png
[OK] parque_de_atracciones_midway__default.png (akool)
[OK] rainy_street_motorcycle__default.png (akool)
[OK] school_classroom__default.png (akool)
[OK] secondary_city_sunset__default.png (akool)
[OK] southeast_barrio__default.png (akool)
[OK] the_apartment__default.png (akool)
[OK] welcome_center__default.png (akool)

Done. 84 ok, 1 skipped, 0 failed.
