
Generating 346 images from non-i2i-prompts.json -> /home/anthony/code/las_flores_city/scripts/asset-pipeline/output/images

[BATCH] Processing batch 2/4 (87 entries)

[PROVIDERS] primary=nim chain=nim -> akool -> pollinations (Pollinations only on failure)

    nim: prompt trimmed to 796/800 chars (negative shortened)
  Vance Nakamura: nim failed (NIM content filtered (guardrails))
[OK] vance_nakamura__default.png (akool)
[OK] victor_almeida__default.png (nim)
    nim: prompt trimmed to 795/800 chars (negative shortened)
[OK] viktor_reyes__default.png (nim)
  Wang Mei Li: nim failed (NIM failed after 3 attempts: HTTP 422: {"detail":"Requested image size 1441792 exceeds supported image size 1062400"})
[OK] wang_mei_li__default.png (akool)
  Dr. Wei Zhang: nim failed (NIM failed after 3 attempts: HTTP 422: {"detail":"Requested image size 1441792 exceeds supported image size 1062400"})
[OK] dr_wei_zhang__default.png (akool)
[OK] wen_zhao__default.png (nim)
    nim: prompt trimmed to 794/800 chars (negative dropped)
  willem_van_der_meer__default.png: nim failed (NIM content filtered (guardrails))
[OK] willem_van_der_meer__default.png (akool)
[OK] xiao_chen__default.png (nim)
    nim: prompt trimmed to 785/800 chars (negative dropped)
  Xiu Li van der Meer Krol: nim failed (NIM failed after 3 attempts: HTTP 422: {"detail":"Requested image size 1441792 exceeds supported image size 1062400"})
[OK] xiu_li_van_der_meer_krol__default.png (akool)
    nim: prompt trimmed to 799/800 chars (negative dropped)
[OK] xue__default.png (nim)
    nim: prompt trimmed to 800/800 chars (negative dropped)
[OK] yang_chen__default.png (nim)
    nim: prompt trimmed to 800/800 chars (negative dropped)
[OK] yara_rossi__default.png (nim)
[OK] y_s_ng__default.png (nim)
    nim: prompt trimmed to 800/800 chars (negative dropped)
[OK] yifan_wang__default.png (nim)
    nim: prompt trimmed to 800/800 chars (negative dropped)
[OK] zhang_hao__default.png (nim)
[OK] zhang_liang__default.png (nim)
    nim: prompt trimmed to 800/800 chars (negative dropped)
[OK] zheng_wuhao__default.png (nim)
    nim: prompt trimmed to 800/800 chars (negative dropped)
  El Barrio de los Chinos: nim failed (NIM content filtered (guardrails))
[OK] el_barrio_de_los_chinos__default.png (akool)
  Embajada de China: nim failed (NIM content filtered (guardrails))
[OK] embajada_de_china__default.png (akool)
    nim: prompt trimmed to 800/800 chars (negative dropped)
  Mall del Valle: nim failed (NIM content filtered (guardrails))
[OK] mall_del_valle__default.png (akool)
    nim: prompt trimmed to 800/800 chars (negative dropped)
[OK] mercado_central__default.png (nim)
    nim: prompt trimmed to 800/800 chars (negative dropped)
[OK] parque_de_las_monta_as__default.png (nim)
    nim: prompt trimmed to 800/800 chars (negative dropped)
  Red District: nim failed (NIM content filtered (guardrails))
[OK] red_district__default.png (akool)
    nim: prompt trimmed to 798/800 chars (negative dropped)
  Universidad Internacional de Las Flores: nim failed (NIM content filtered (guardrails))
[OK] universidad_internacional_de_las_flores__default.png (akool)
    nim: prompt trimmed to 800/800 chars (negative dropped)
  Universidad Nacional de Las Flores: nim failed (NIM content filtered (guardrails))
[OK] universidad_nacional_de_las_flores__default.png (akool)
    nim: prompt trimmed to 800/800 chars (negative dropped)
  Zona Rosa: nim failed (NIM content filtered (guardrails))
[OK] zona_rosa__default.png (akool)
  Avenida de las Naciones: nim failed (NIM content filtered (guardrails))
[OK] avenida_de_las_naciones__default.png (akool)
  Avenida Independencia: nim failed (NIM content filtered (guardrails))
[OK] avenida_independencia__default.png (akool)
  Bolsa de Valores Las Flores: nim failed (NIM content filtered (guardrails))
[OK] bolsa_de_valores_las_flores__default.png (akool)
    nim: prompt trimmed to 800/800 chars (negative dropped)
  Central Police Station: nim failed (NIM content filtered (guardrails))
[OK] central_police_station__default.png (akool)
  Centro Cultural Chino-Latino: nim failed (NIM content filtered (guardrails))
[OK] centro_cultural_chino_latino__default.png (akool)
    nim: prompt trimmed to 800/800 chars (negative dropped)
[OK] centro_empresarial__default.png (nim)
  Circunvalación Las Flores: nim failed (NIM content filtered (guardrails))
[OK] circunvalaci_n_las_flores__default.png (akool)
    nim: prompt trimmed to 800/800 chars (negative dropped)
  City Council Palace: nim failed (NIM content filtered (guardrails))
[OK] city_council_palace__default.png (akool)
    nim: prompt trimmed to 800/800 chars (negative dropped)
  Financial District: nim failed (NIM content filtered (guardrails))
[OK] financial_district__default.png (akool)
  La Casa de la Música: nim failed (NIM content filtered (guardrails))
[OK] la_casa_de_la_m_sica__default.png (akool)
  Las Flores Free City: nim failed (NIM content filtered (guardrails))
[OK] las_flores_free_city__default.png (akool)
  Línea 1 Roja: nim failed (NIM content filtered (guardrails))
[OK] l_nea_1_roja__default.png (akool)
  Museo de Arte Moderno: nim failed (NIM content filtered (guardrails))
[OK] museo_de_arte_moderno__default.png (akool)
  Museo de Historia Natural: nim failed (NIM content filtered (guardrails))
[OK] museo_de_historia_natural__default.png (akool)
    nim: prompt trimmed to 800/800 chars (negative dropped)
[OK] plaza_de_la_constituci_n__default.png (nim)
    nim: prompt trimmed to 798/800 chars (negative dropped)
  Teatro Nacional: nim failed (NIM content filtered (guardrails))
[OK] teatro_nacional__default.png (akool)
    nim: prompt trimmed to 800/800 chars (negative dropped)
  The Governor Offices: nim failed (NIM content filtered (guardrails))
[OK] the_governor_offices__default.png (akool)
    nim: prompt trimmed to 800/800 chars (negative dropped)
  World Trade Center Las Flores: nim failed (NIM content filtered (guardrails))
[OK] world_trade_center_las_flores__default.png (akool)
    nim: prompt trimmed to 800/800 chars (negative dropped)
  Far South: nim failed (NIM content filtered (guardrails))
[OK] far_south__default.png (akool)
    nim: prompt trimmed to 786/800 chars (negative dropped)
  San Pedro de los Pescadores: nim failed (NIM content filtered (guardrails))
[OK] san_pedro_de_los_pescadores__default.png (akool)
    nim: prompt trimmed to 800/800 chars (negative dropped)
  Forest and Swamps: nim failed (NIM content filtered (guardrails))
[OK] forest_and_swamps__default.png (akool)
[SKIP] electra_battery_factory__default.png
  Línea 2 Azul: nim failed (NIM content filtered (guardrails))
[OK] l_nea_2_azul__default.png (akool)
  Mercado Popular Las Flores: nim failed (NIM content filtered (guardrails))
[OK] mercado_popular_las_flores__default.png (akool)
    nim: prompt trimmed to 800/800 chars (negative dropped)
  Neighborhoods near factories: nim failed (NIM content filtered (guardrails))
[OK] neighborhoods_near_factories__default.png (akool)
    nim: prompt trimmed to 798/800 chars (negative dropped)
  Zona Franca: nim failed (NIM content filtered (guardrails))
[OK] zona_franca__default.png (akool)
    nim: prompt trimmed to 800/800 chars (negative dropped)
  Andean Mountains: nim failed (NIM content filtered (guardrails))
[OK] andean_mountains__default.png (akool)
    nim: prompt trimmed to 792/800 chars (negative shortened)
  Las Tres Montañas: nim failed (NIM content filtered (guardrails))
[OK] las_tres_monta_as__default.png (akool)
    nim: prompt trimmed to 800/800 chars (negative dropped)
  Luz del Río Energy Plant: nim failed (NIM content filtered (guardrails))
[OK] luz_del_r_o_energy_plant__default.png (akool)
    nim: prompt trimmed to 800/800 chars (negative dropped)
  Minera Estrella Andes Mine: nim failed (NIM content filtered (guardrails))
[OK] minera_estrella_andes_mine__default.png (akool)
    nim: prompt trimmed to 800/800 chars (negative dropped)
  Minera Estrella Valley Mine: nim failed (NIM content filtered (guardrails))
[OK] minera_estrella_valley_mine__default.png (akool)
    nim: prompt trimmed to 800/800 chars (negative dropped)
  Resort del Bosque: nim failed (NIM content filtered (guardrails))
[OK] resort_del_bosque__default.png (akool)
    nim: prompt trimmed to 800/800 chars (negative dropped)
  Rio Grande Dam: nim failed (NIM content filtered (guardrails))
[OK] rio_grande_dam__default.png (akool)
    nim: prompt trimmed to 800/800 chars (negative dropped)
  Sendero del Puma: nim failed (NIM content filtered (guardrails))
[OK] sendero_del_puma__default.png (akool)
    nim: prompt trimmed to 800/800 chars (negative dropped)
  Van der Meer Group Northern Mine: nim failed (NIM content filtered (guardrails))
[OK] van_der_meer_group_northern_mine__default.png (akool)
    nim: prompt trimmed to 800/800 chars (negative dropped)
  Vinícola La Hacienda: nim failed (NIM content filtered (guardrails))
[OK] vin_cola_la_hacienda__default.png (akool)
    nim: prompt trimmed to 800/800 chars (negative dropped)
  Electric Vehicle Zone: nim failed (NIM content filtered (guardrails))
[OK] electric_vehicle_zone__default.png (akool)
  Mall de las Estrellas: nim failed (NIM content filtered (guardrails))
[OK] mall_de_las_estrellas__default.png (akool)
    nim: prompt trimmed to 800/800 chars (negative dropped)
  North Las Flores: nim failed (NIM content filtered (guardrails))
[OK] north_las_flores__default.png (akool)
  Paseo de las Estrellas: nim failed (NIM content filtered (guardrails))
[OK] paseo_de_las_estrellas__default.png (akool)
    nim: prompt trimmed to 800/800 chars (negative dropped)
  Colegio Chino-Latino: nim failed (NIM content filtered (guardrails))
[OK] colegio_chino_latino__default.png (akool)
    nim: prompt trimmed to 800/800 chars (negative dropped)
  Meadowbrook Estates: nim failed (NIM content filtered (guardrails))
[OK] meadowbrook_estates__default.png (akool)
  Northeast District: nim failed (NIM content filtered (guardrails))
[OK] northeast_district__default.png (akool)
    nim: prompt trimmed to 800/800 chars (negative dropped)
  Universidad del Valle: nim failed (NIM content filtered (guardrails))
[OK] universidad_del_valle__default.png (akool)
    nim: prompt trimmed to 783/800 chars (negative dropped)
  Vista Del Sol: nim failed (NIM content filtered (guardrails))
[OK] vista_del_sol__default.png (akool)
    nim: prompt trimmed to 800/800 chars (negative dropped)
  Bahía de las Olas: nim failed (NIM content filtered (guardrails))
[OK] bah_a_de_las_olas__default.png (akool)
    nim: prompt trimmed to 800/800 chars (negative dropped)
  Isla de Oro: nim failed (NIM content filtered (guardrails))
[OK] isla_de_oro__default.png (akool)
    nim: prompt trimmed to 800/800 chars (negative dropped)
  Pacific Coast: nim failed (NIM content filtered (guardrails))
[OK] pacific_coast__default.png (akool)
    nim: prompt trimmed to 800/800 chars (negative dropped)
  Playa de los Vientos: nim failed (NIM content filtered (guardrails))
[OK] playa_de_los_vientos__default.png (akool)
  Acuario Las Flores: nim failed (NIM content filtered (guardrails))
[OK] acuario_las_flores__default.png (akool)
    nim: prompt trimmed to 800/800 chars (negative dropped)
  Centro Empresarial Chino-Latino: nim failed (NIM content filtered (guardrails))
[OK] centro_empresarial_chino_latino__default.png (akool)
  Línea 3 Verde: nim failed (NIM content filtered (guardrails))
[OK] l_nea_3_verde__default.png (akool)
  Parque de Atracciones Las Flores: nim failed (NIM content filtered (guardrails))
[OK] parque_de_atracciones_las_flores__default.png (akool)
    nim: prompt trimmed to 800/800 chars (negative dropped)
  Port Area: nim failed (NIM content filtered (guardrails))
[OK] port_area__default.png (akool)
    nim: prompt trimmed to 800/800 chars (negative dropped)
  Puerto de Las Flores: nim failed (NIM content filtered (guardrails))
[OK] puerto_de_las_flores__default.png (akool)
    nim: prompt trimmed to 795/800 chars (negative shortened)
  Río de las Flores: nim failed (NIM content filtered (guardrails))
[OK] r_o_de_las_flores__default.png (akool)
    nim: prompt trimmed to 800/800 chars (negative dropped)
  Agricultural Valley: nim failed (NIM content filtered (guardrails))
[OK] agricultural_valley__default.png (akool)
    nim: prompt trimmed to 800/800 chars (negative dropped)
[OK] old_las_flores__default.png (nim)
    nim: prompt trimmed to 792/800 chars (negative shortened)
  San Miguel Dam: nim failed (NIM content filtered (guardrails))
[OK] san_miguel_dam__default.png (akool)
    nim: prompt trimmed to 795/800 chars (negative shortened)
  South Las Flores: nim failed (NIM content filtered (guardrails))
[OK] south_las_flores__default.png (akool)
    nim: prompt trimmed to 800/800 chars (negative dropped)
  Van der Meer Group Southern Mine: nim failed (NIM content filtered (guardrails))
[OK] van_der_meer_group_southern_mine__default.png (akool)

Done. 86 ok, 1 skipped, 0 failed.
