
Generating 346 images from non-i2i-prompts.json -> /home/anthony/code/las_flores_city/scripts/asset-pipeline/output/images

[BATCH] Processing batch 1/4 (87 entries)

[PROVIDERS] primary=akool chain=akool -> nim -> pollinations (Pollinations only on failure)

[OK] juan_p_rez__default.png (akool)
[OK] juan_rodr_guez__default.png (akool)
[OK] julian_schneider__default.png (akool)
[OK] karla__default.png (akool)
[OK] kun_zhang__default.png (akool)
[OK] kusi__default.png (akool)
[OK] laura_rodr_guez__default.png (akool)
[OK] laura_silva__default.png (akool)
[OK] layla_al_rashid__default.png (akool)
[OK] levi_de_jong__default.png (akool)
[OK] li_wei__default.png (akool)
[OK] liam_van_der_meer__default.png (akool)
[OK] lin_xiu__default.png (akool)
[OK] lina_kim__default.png (akool)
[OK] liu_fang__default.png (akool)
[OK] liu_mei__default.png (akool)
[OK] lucas_de_jong__default.png (akool)
[OK] lucas_morales__default.png (akool)
[OK] lucas_van_der_meer__default.png (akool)
[OK] lucia_torres__default.png (akool)
[OK] luis_contreras__default.png (akool)
[OK] manuel_ortega__default.png (akool)
[OK] manuel_reyes__default.png (akool)
[OK] manuel_rodriguez__default.png (akool)
[OK] marco_jim_nez__default.png (akool)
[OK] marco_restrepo__default.png (akool)
[OK] marco_reyes__default.png (akool)
[OK] marco_rossi__default.png (akool)
[OK] marco_mar_torres__default.png (akool)
[OK] maria_chicham__default.png (akool)
[OK] mar_a_fernanda_rodriguez__default.png (akool)
[OK] maria_garcia__default.png (akool)
[OK] mar_a_guti_rrez__default.png (akool)
[OK] dr_maria_hernandez__default.png (akool)
[OK] maria_lopez__default.png (akool)
[OK] maria_martinez__default.png (akool)
[OK] maria_martinez_van_der_meer__default.png (akool)
[OK] maria_sanchez_sulca__default.png (akool)
[OK] mar_a_su_rez__default.png (akool)
[OK] mariana_de_la_cruz__default.png (akool)
[OK] marleen_van_der_meer__default.png (akool)
[OK] mart_n_l_pez__default.png (akool)
[OK] mateo_vargas__default.png (akool)
[OK] mauro_kusi__default.png (akool)
[OK] mei_lin__default.png (akool)
[OK] mei_xiang__default.png (akool)
[OK] meilin_chen__default.png (akool)
[OK] mia_chen_rojas__default.png (akool)
[OK] miguel_jhonson__default.png (akool)
[OK] m_ngz_luo__default.png (akool)
[OK] nadia_al_farsi__default.png (akool)
[OK] nadia_delgado__default.png (akool)
[OK] natalia_van_der_meer__default.png (akool)
[OK] nico_van_der_meer__default.png (akool)
[OK] nubia__default.png (akool)
[OK] pedro_escobar__default.png (akool)
[OK] pedro_quispe__default.png (akool)
[OK] peter_van_der_meer__default.png (akool)
[OK] peter_van_der_meer_jr__default.png (akool)
[OK] qiu_bo__default.png (akool)
[OK] rafaela__default.png (akool)
[OK] ricardo_chen__default.png (akool)
[OK] ricardo_tan__default.png (akool)
[OK] ricardo_vega__default.png (akool)
[OK] robert_thompson__default.png (akool)
[OK] roberto_mendoza__default.png (akool)
[OK] rosa_mar_ez__default.png (akool)
[OK] samuel_camacho__default.png (akool)
[OK] sebastian_van_der_meer__default.png (akool)
[OK] senator_chen_wei__default.png (akool)
[OK] simon_de_vries__default.png (akool)
[OK] sofia_aguirre__default.png (akool)
[OK] sofia_alvarez__default.png (akool)
[OK] sofia_cortez__default.png (akool)
[OK] sofia_delgado__default.png (akool)
[OK] sofia_diaz__default.png (akool)
[OK] councilwoman_sofia_duarte__default.png (akool)
[OK] sofia_garcia__default.png (akool)
[OK] sofia_hern_nez__default.png (akool)
[OK] sofia_ramirez__default.png (akool)
[OK] sofia_rodriguez_krol__default.png (akool)
[OK] soledad_ortega__default.png (akool)
[OK] sophia_van_der_meer_rodriguez__default.png (akool)
[OK] tom_s_coronado__default.png (akool)
[OK] valentina_quan__default.png (akool)
[OK] valentina_val_reyes__default.png (akool)
[OK] valentina_rojas__default.png (akool)

Done. 87 ok, 0 skipped, 0 failed.
